2025-02-20T10:13:44.110Z [ERROR]: Starting new log session...
2025-02-20T10:13:44.112Z [INFO]: Application started successfully.
2025-02-20T10:13:44.113Z [WARN]: This is a warning message.
2025-02-20T10:13:44.113Z [ERROR]: An error occurred.
2025-02-20T10:50:12.214Z [ERROR]: Starting new log session...
2025-02-20T10:50:12.216Z [INFO]: Application started successfully.
2025-02-20T10:50:12.216Z [WARN]: This is a warning message.
2025-02-20T10:50:12.217Z [ERROR]: An error occurred.
2025-02-20T11:03:43.041Z [ERROR]: Starting new log session...
2025-02-20T11:03:43.044Z [INFO]: Application started successfully.
2025-02-20T11:03:43.044Z [WARN]: This is a warning message.
2025-02-20T11:03:43.045Z [ERROR]: An error occurred.
2025-02-20T11:03:47.005Z [ERROR]: Starting new log session...
2025-02-20T11:03:47.007Z [INFO]: Application started successfully.
2025-02-20T11:03:47.008Z [WARN]: This is a warning message.
2025-02-20T11:03:47.008Z [ERROR]: An error occurred.
2025-02-20T11:08:43.637Z [ERROR]: Starting new log session...
2025-02-20T11:08:43.640Z [INFO]: Application started successfully.
2025-02-20T11:08:43.640Z [WARN]: This is a warning message.
2025-02-20T11:08:43.641Z [ERROR]: An error occurred.
2025-02-20T11:09:08.112Z [ERROR]: Starting new log session...
2025-02-20T11:09:08.116Z [INFO]: Application started successfully.
2025-02-20T11:09:08.117Z [WARN]: This is a warning message.
2025-02-20T11:09:08.117Z [ERROR]: An error occurred.
2025-02-20T11:17:18.431Z [ERROR]: Starting new log session...
2025-02-20T11:17:18.433Z [INFO]: Application started successfully.
2025-02-20T11:17:18.433Z [WARN]: This is a warning message.
2025-02-20T11:17:18.434Z [ERROR]: An error occurred.
2025-02-20T11:17:42.795Z [ERROR]: Starting new log session...
2025-02-20T11:17:42.797Z [INFO]: Application started successfully.
2025-02-20T11:17:42.798Z [WARN]: This is a warning message.
2025-02-20T11:17:42.799Z [ERROR]: An error occurred.
2025-02-20T11:19:09.290Z [ERROR]: Starting new log session...
2025-02-20T11:19:09.293Z [INFO]: Application started successfully.
2025-02-20T11:19:09.293Z [WARN]: This is a warning message.
2025-02-20T11:19:09.294Z [ERROR]: An error occurred.
2025-02-20T11:21:36.035Z [ERROR]: Starting new log session...
2025-02-20T11:21:36.037Z [INFO]: Application started successfully.
2025-02-20T11:21:36.038Z [WARN]: This is a warning message.
2025-02-20T11:21:36.038Z [ERROR]: An error occurred.
2025-02-20T11:22:27.523Z [ERROR]: Starting new log session...
2025-02-20T11:22:27.526Z [INFO]: Application started successfully.
2025-02-20T11:22:27.527Z [WARN]: This is a warning message.
2025-02-20T11:22:27.528Z [ERROR]: An error occurred.
2025-02-20T11:23:42.067Z [ERROR]: Starting new log session...
2025-02-20T11:23:42.070Z [INFO]: Application started successfully.
2025-02-20T11:23:42.070Z [WARN]: This is a warning message.
2025-02-20T11:23:42.071Z [ERROR]: An error occurred.
2025-02-20T11:24:20.142Z [ERROR]: Starting new log session...
2025-02-20T11:24:20.145Z [INFO]: Application started successfully.
2025-02-20T11:24:20.146Z [WARN]: This is a warning message.
2025-02-20T11:24:20.147Z [ERROR]: An error occurred.
2025-02-20T11:26:47.649Z [ERROR]: Starting new log session...
2025-02-20T11:26:47.651Z [INFO]: Application started successfully.
2025-02-20T11:26:47.652Z [WARN]: This is a warning message.
2025-02-20T11:26:47.652Z [ERROR]: An error occurred.
2025-02-20T11:27:07.409Z [ERROR]: Starting new log session...
2025-02-20T11:27:07.411Z [INFO]: Application started successfully.
2025-02-20T11:27:07.412Z [WARN]: This is a warning message.
2025-02-20T11:27:07.412Z [ERROR]: An error occurred.
2025-02-20T11:30:33.031Z [ERROR]: Starting new log session...
2025-02-20T11:30:33.033Z [INFO]: Application started successfully.
2025-02-20T11:30:33.034Z [WARN]: This is a warning message.
2025-02-20T11:30:33.034Z [ERROR]: An error occurred.
2025-02-20T11:30:42.537Z [ERROR]: Starting new log session...
2025-02-20T11:30:42.540Z [INFO]: Application started successfully.
2025-02-20T11:30:42.540Z [WARN]: This is a warning message.
2025-02-20T11:30:42.540Z [ERROR]: An error occurred.
2025-02-21T09:29:17.207Z [ERROR]: Starting new log session...
2025-02-21T09:29:17.215Z [INFO]: Application started successfully.
2025-02-21T09:29:17.216Z [WARN]: This is a warning message.
2025-02-21T09:29:17.216Z [ERROR]: An error occurred.
2025-02-21T09:38:39.289Z [ERROR]: Error creating cultural content: insert or update on table "cultural_content" violates foreign key constraint "cultural_content_species_id_fkey"
2025-02-21T09:38:39.292Z [ERROR]: Error creating cultural content: insert or update on table "cultural_content" violates foreign key constraint "cultural_content_species_id_fkey"
2025-02-21T09:40:12.642Z [ERROR]: Error creating cultural content: insert or update on table "cultural_content" violates foreign key constraint "cultural_content_species_id_fkey"
2025-02-21T09:40:12.643Z [ERROR]: Error creating cultural content: insert or update on table "cultural_content" violates foreign key constraint "cultural_content_species_id_fkey"
2025-02-21T09:44:40.563Z [INFO]: New cultural content created by user 3 for species 1030866_1_216
2025-02-21T11:32:08.745Z [ERROR]: Starting new log session...
2025-02-21T11:32:08.764Z [INFO]: Application started successfully.
2025-02-21T11:32:08.765Z [WARN]: This is a warning message.
2025-02-21T11:32:08.771Z [ERROR]: An error occurred.
2025-02-21T11:33:44.516Z [ERROR]: Starting new log session...
2025-02-21T11:33:44.520Z [INFO]: Application started successfully.
2025-02-21T11:33:44.521Z [WARN]: This is a warning message.
2025-02-21T11:33:44.522Z [ERROR]: An error occurred.
2025-02-21T11:34:39.920Z [ERROR]: Starting new log session...
2025-02-21T11:34:39.922Z [INFO]: Application started successfully.
2025-02-21T11:34:39.923Z [WARN]: This is a warning message.
2025-02-21T11:34:39.923Z [ERROR]: An error occurred.
2025-02-21T11:36:08.594Z [ERROR]: Starting new log session...
2025-02-21T11:36:08.599Z [INFO]: Application started successfully.
2025-02-21T11:36:08.600Z [WARN]: This is a warning message.
2025-02-21T11:36:08.600Z [ERROR]: An error occurred.
2025-02-21T11:36:56.626Z [ERROR]: Starting new log session...
2025-02-21T11:36:56.631Z [INFO]: Application started successfully.
2025-02-21T11:36:56.634Z [WARN]: This is a warning message.
2025-02-21T11:36:56.635Z [ERROR]: An error occurred.
2025-02-21T11:40:48.128Z [ERROR]: Starting new log session...
2025-02-21T11:40:48.131Z [INFO]: Application started successfully.
2025-02-21T11:40:48.132Z [WARN]: This is a warning message.
2025-02-21T11:40:48.132Z [ERROR]: An error occurred.
2025-02-21T11:43:13.771Z [ERROR]: Starting new log session...
2025-02-21T11:43:13.773Z [INFO]: Application started successfully.
2025-02-21T11:43:13.774Z [WARN]: This is a warning message.
2025-02-21T11:43:13.774Z [ERROR]: An error occurred.
2025-02-21T11:43:33.929Z [ERROR]: Starting new log session...
2025-02-21T11:43:33.932Z [INFO]: Application started successfully.
2025-02-21T11:43:33.933Z [WARN]: This is a warning message.
2025-02-21T11:43:33.934Z [ERROR]: An error occurred.
2025-02-21T12:08:15.524Z [ERROR]: Starting new log session...
2025-02-21T12:08:15.550Z [INFO]: Application started successfully.
2025-02-21T12:08:15.551Z [WARN]: This is a warning message.
2025-02-21T12:08:15.552Z [ERROR]: An error occurred.
2025-02-21T12:08:36.673Z [ERROR]: Starting new log session...
2025-02-21T12:08:36.679Z [INFO]: Application started successfully.
2025-02-21T12:08:36.715Z [WARN]: This is a warning message.
2025-02-21T12:08:36.716Z [ERROR]: An error occurred.
2025-02-21T12:12:15.643Z [ERROR]: Starting new log session...
2025-02-21T12:12:16.002Z [INFO]: Application started successfully.
2025-02-21T12:12:16.010Z [INFO]: Server running on port 5000
2025-02-21T12:12:30.152Z [ERROR]: Starting new log session...
2025-02-21T12:12:30.285Z [INFO]: Application started successfully.
2025-02-21T12:12:30.292Z [INFO]: Server running on port 5000
2025-02-21T12:23:31.667Z [ERROR]: Starting new log session...
2025-02-21T12:23:31.842Z [INFO]: Application started successfully.
2025-02-21T12:23:31.847Z [INFO]: Server running on port 5000
2025-02-21T12:23:59.558Z [ERROR]: Starting new log session...
2025-02-21T12:23:59.716Z [INFO]: Application started successfully.
2025-02-21T12:23:59.721Z [INFO]: Server running on port 5000
2025-02-21T12:26:10.163Z [INFO]: New cultural content created by user 4 for species 1030866_1_216
2025-02-21T12:32:08.849Z [ERROR]: Starting new log session...
2025-02-21T12:32:09.070Z [INFO]: Application started successfully.
2025-02-21T12:32:09.078Z [INFO]: Server running on port 5000
2025-02-21T12:33:49.352Z [ERROR]: Starting new log session...
2025-02-21T12:33:49.500Z [INFO]: Application started successfully.
2025-02-21T12:33:49.510Z [INFO]: Server running on port 5000
2025-02-21T12:35:32.436Z [ERROR]: Starting new log session...
2025-02-21T12:35:32.603Z [INFO]: Application started successfully.
2025-02-21T12:35:32.611Z [INFO]: Server running on port 5000
2025-02-21T12:38:47.584Z [ERROR]: Starting new log session...
2025-02-21T12:38:47.724Z [INFO]: Application started successfully.
2025-02-21T12:38:47.728Z [INFO]: Server running on port 5000
2025-02-23T19:14:14.924Z [ERROR]: Starting new log session...
2025-02-23T19:14:15.243Z [INFO]: Application started successfully.
2025-02-23T19:14:15.262Z [INFO]: Server running on port 5000
2025-03-03T08:56:33.477Z [ERROR]: Starting new log session...
2025-03-03T08:56:33.823Z [INFO]: Application started successfully.
2025-03-03T08:56:33.827Z [INFO]: Server running on port 5000
2025-03-03T13:01:25.623Z [ERROR]: Starting new log session...
2025-03-03T13:01:25.883Z [INFO]: Application started successfully.
2025-03-03T13:01:25.890Z [INFO]: Server running on port 5000
2025-03-04T14:54:46.530Z [ERROR]: Starting new log session...
2025-03-04T14:54:46.709Z [INFO]: Application started successfully.
2025-03-04T14:54:46.718Z [INFO]: Server running on port 5000
2025-03-04T14:54:50.301Z [ERROR]: Starting new log session...
2025-03-04T14:54:50.473Z [INFO]: Application started successfully.
2025-03-04T14:54:50.478Z [INFO]: Server running on port 5000
2025-03-04T15:39:03.034Z [ERROR]: Starting new log session...
2025-03-04T15:39:03.437Z [INFO]: Application started successfully.
2025-03-04T15:39:03.451Z [INFO]: Server running on port 5000
2025-03-04T15:40:15.015Z [ERROR]: Starting new log session...
2025-03-04T15:40:15.366Z [INFO]: Application started successfully.
2025-03-04T15:40:15.375Z [INFO]: Server running on port 5000
2025-03-04T15:40:47.771Z [ERROR]: Starting new log session...
2025-03-04T15:40:47.943Z [INFO]: Application started successfully.
2025-03-04T15:40:47.947Z [INFO]: Server running on port 5000
2025-03-04T15:42:28.622Z [ERROR]: Starting new log session...
2025-03-04T15:42:28.818Z [INFO]: Application started successfully.
2025-03-04T15:42:28.821Z [INFO]: Server running on port 5000
2025-03-04T16:23:17.248Z [INFO]: Google auth attempt for: Elvis Njenga (114625478163443473340)
2025-03-04T17:11:52.525Z [ERROR]: Starting new log session...
2025-03-04T17:11:53.084Z [INFO]: Application started successfully.
2025-03-04T17:11:53.097Z [INFO]: Server running on port 5000
2025-03-04T17:41:04.931Z [ERROR]: Starting new log session...
2025-03-04T17:41:05.273Z [INFO]: Application started successfully.
2025-03-04T17:41:05.279Z [INFO]: Server running on port 5000
2025-03-04T18:01:33.516Z [ERROR]: Starting new log session...
2025-03-04T18:01:33.779Z [INFO]: Application started successfully.
2025-03-04T18:01:33.783Z [INFO]: Server running on port 5000
2025-03-04T18:05:59.361Z [ERROR]: Starting new log session...
2025-03-04T18:05:59.529Z [INFO]: Application started successfully.
2025-03-04T18:05:59.533Z [INFO]: Server running on port 5000
2025-03-04T18:06:44.401Z [ERROR]: Starting new log session...
2025-03-04T18:06:44.576Z [INFO]: Application started successfully.
2025-03-04T18:06:44.580Z [INFO]: Server running on port 5000
2025-03-04T18:06:52.531Z [ERROR]: Starting new log session...
2025-03-04T18:06:52.734Z [INFO]: Application started successfully.
2025-03-04T18:06:52.738Z [INFO]: Server running on port 5000
2025-03-04T18:12:00.626Z [ERROR]: Starting new log session...
2025-03-04T18:12:00.884Z [INFO]: Application started successfully.
2025-03-04T18:12:00.889Z [INFO]: Server running on port 5000
2025-03-04T18:12:30.889Z [ERROR]: Starting new log session...
2025-03-04T18:12:31.103Z [INFO]: Application started successfully.
2025-03-04T18:12:31.107Z [INFO]: Server running on port 5000
2025-03-04T18:13:24.254Z [ERROR]: Starting new log session...
2025-03-04T18:13:24.453Z [INFO]: Application started successfully.
2025-03-04T18:13:24.456Z [INFO]: Server running on port 5000
2025-03-04T18:14:20.298Z [ERROR]: Starting new log session...
2025-03-04T18:14:20.509Z [INFO]: Application started successfully.
2025-03-04T18:14:20.517Z [INFO]: Server running on port 5000
2025-03-04T18:52:54.787Z [ERROR]: Starting new log session...
2025-03-04T18:52:55.251Z [INFO]: Application started successfully.
2025-03-04T18:52:55.260Z [INFO]: Server running on port 5000
2025-03-04T18:53:09.612Z [INFO]: Google auth attempt for: Elvis Njenga (114625478163443473340)
2025-03-05T13:19:41.111Z [ERROR]: Starting new log session...
2025-03-05T13:19:41.686Z [INFO]: Application started successfully.
2025-03-05T13:19:41.691Z [INFO]: Server running on port 5000
2025-03-05T13:40:45.056Z [INFO]: Google auth attempt for: Elvis Njenga (114625478163443473340)
2025-03-05T17:36:42.951Z [ERROR]: Starting new log session...
2025-03-05T17:36:43.431Z [INFO]: Application started successfully.
2025-03-05T17:36:43.436Z [INFO]: Server running on port 5000
2025-03-05T17:37:35.229Z [INFO]: Google auth attempt for: Elvis Njenga (114625478163443473340)
2025-03-05T17:38:19.960Z [INFO]: Google auth attempt for: Elvis Njenga (114625478163443473340)
2025-03-05T17:42:50.336Z [ERROR]: Starting new log session...
2025-03-05T17:42:50.878Z [INFO]: Application started successfully.
2025-03-05T17:42:50.892Z [INFO]: Server running on port 5000
2025-03-05T17:42:55.003Z [ERROR]: Starting new log session...
2025-03-05T17:42:55.489Z [INFO]: Application started successfully.
2025-03-05T17:42:55.499Z [INFO]: Server running on port 5000
2025-03-05T17:46:33.340Z [ERROR]: Starting new log session...
2025-03-05T17:46:33.845Z [INFO]: Application started successfully.
2025-03-05T17:46:35.296Z [INFO]: Server running on port 5000
2025-03-05T17:46:45.621Z [INFO]: Starting species identification with Vision API
2025-03-05T17:46:45.635Z [ERROR]: Error in vision service: ENOENT: no such file or directory, open 'C:\Users\Lenovo\Projects\alu-capstone_project_TEST\WildPedia\backend\
euralninevisionproject-449711-aa07c7cc5bae.json'
2025-03-05T17:46:45.637Z [ERROR]: Error identifying species: ENOENT: no such file or directory, open 'C:\Users\Lenovo\Projects\alu-capstone_project_TEST\WildPedia\backend\
euralninevisionproject-449711-aa07c7cc5bae.json'
2025-03-05T17:47:34.207Z [INFO]: Starting species identification with Vision API
2025-03-05T17:47:34.210Z [ERROR]: Error in vision service: ENOENT: no such file or directory, open 'C:\Users\Lenovo\Projects\alu-capstone_project_TEST\WildPedia\backend\
euralninevisionproject-449711-aa07c7cc5bae.json'
2025-03-05T17:47:34.211Z [ERROR]: Error identifying species: ENOENT: no such file or directory, open 'C:\Users\Lenovo\Projects\alu-capstone_project_TEST\WildPedia\backend\
euralninevisionproject-449711-aa07c7cc5bae.json'
2025-03-05T17:52:50.904Z [ERROR]: Starting new log session...
2025-03-05T17:52:51.190Z [INFO]: Application started successfully.
2025-03-05T17:52:52.104Z [INFO]: Server running on port 5000
2025-03-05T17:52:56.946Z [INFO]: Starting species identification with Vision API
2025-03-05T17:52:56.947Z [ERROR]: Error in vision service: client is not defined
2025-03-05T17:52:56.948Z [ERROR]: Error identifying species: client is not defined
2025-03-05T17:53:17.641Z [INFO]: Starting species identification with Vision API
2025-03-05T17:53:17.643Z [ERROR]: Error in vision service: client is not defined
2025-03-05T17:53:17.644Z [ERROR]: Error identifying species: client is not defined
2025-03-05T18:00:59.975Z [INFO]: Starting species identification with Vision API
2025-03-05T18:00:59.976Z [ERROR]: Error in vision service: client is not defined
2025-03-05T18:00:59.977Z [ERROR]: Error identifying species: client is not defined
2025-03-05T18:01:15.781Z [INFO]: Starting species identification with Vision API
2025-03-05T18:01:15.782Z [ERROR]: Error in vision service: client is not defined
2025-03-05T18:01:15.784Z [ERROR]: Error identifying species: client is not defined
2025-03-05T18:01:54.871Z [INFO]: Starting species identification with Vision API
2025-03-05T18:01:54.873Z [ERROR]: Error in vision service: client is not defined
2025-03-05T18:01:54.874Z [ERROR]: Error identifying species: client is not defined
2025-03-05T18:03:53.431Z [ERROR]: Starting new log session...
2025-03-05T18:03:53.874Z [INFO]: Application started successfully.
2025-03-05T18:03:55.049Z [INFO]: Server running on port 5000
2025-03-05T18:04:06.429Z [INFO]: Starting species identification with Vision API
2025-03-05T18:04:06.443Z [ERROR]: Error in vision service: ENOENT: no such file or directory, open 'C:\Users\Lenovo\Projects\alu-capstone_project_TEST\WildPedia\backend\
euralninevisionproject-449711-aa07c7cc5bae.json'
2025-03-05T18:04:06.445Z [ERROR]: Error identifying species: ENOENT: no such file or directory, open 'C:\Users\Lenovo\Projects\alu-capstone_project_TEST\WildPedia\backend\
euralninevisionproject-449711-aa07c7cc5bae.json'
2025-03-05T18:05:26.207Z [ERROR]: Starting new log session...
2025-03-05T18:05:26.481Z [INFO]: Application started successfully.
2025-03-05T18:05:27.127Z [INFO]: Server running on port 5000
2025-03-05T18:09:00.914Z [ERROR]: Starting new log session...
2025-03-05T18:09:03.860Z [INFO]: Application started successfully.
2025-03-05T18:09:04.954Z [INFO]: Server running on port 5000
2025-03-05T18:09:39.017Z [INFO]: Starting species identification with Vision API
2025-03-05T18:09:40.429Z [INFO]: Identified species: Blue with confidence 0.9884891510009766
2025-03-05T18:21:43.525Z [INFO]: Starting species identification with Vision API
2025-03-05T18:21:44.483Z [INFO]: Identified species: Blue with confidence 0.9884891510009766
2025-03-05T18:28:03.472Z [ERROR]: Starting new log session...
2025-03-05T18:28:03.960Z [INFO]: Application started successfully.
2025-03-05T18:28:05.683Z [INFO]: Server running on port 5000
2025-03-05T18:28:14.720Z [ERROR]: Starting new log session...
2025-03-05T18:28:17.007Z [INFO]: Application started successfully.
2025-03-05T18:28:19.287Z [INFO]: Server running on port 5000
2025-03-05T18:31:44.545Z [INFO]: Starting species identification with Vision API
2025-03-05T18:31:46.108Z [INFO]: Identified species: Blue with confidence 0.9884891510009766
2025-03-05T18:31:46.114Z [INFO]: Saved uploaded image: C:\Users\Lenovo\Projects\alu-capstone_project_TEST\WildPedia\backend\uploads\70dbf64c-cc88-4389-8e39-713667b8cba7-download (1).jpeg
2025-03-05T18:34:37.001Z [INFO]: Starting species identification with Vision API
2025-03-05T18:34:37.431Z [INFO]: Identified species: Blue with confidence 0.9884891510009766
2025-03-05T18:34:37.433Z [INFO]: Saved uploaded image: C:\Users\Lenovo\Projects\alu-capstone_project_TEST\WildPedia\backend\uploads\1b3a2727-ca26-446d-94e3-a08d853cf2ef-download (1).jpeg
2025-03-05T18:34:46.786Z [INFO]: Starting species identification with Vision API
2025-03-05T18:34:47.236Z [INFO]: Identified species: Blue with confidence 0.9884891510009766
2025-03-05T18:34:47.240Z [INFO]: Saved uploaded image: C:\Users\Lenovo\Projects\alu-capstone_project_TEST\WildPedia\backend\uploads\b72d42c1-3652-4e77-b38b-52b24cf19368-download (1).jpeg
2025-03-05T18:37:53.610Z [ERROR]: Starting new log session...
2025-03-05T18:37:54.064Z [INFO]: Application started successfully.
2025-03-05T18:37:55.957Z [INFO]: Server running on port 5000
2025-03-05T18:38:00.472Z [INFO]: Starting species identification with Vision API
2025-03-05T18:38:01.722Z [INFO]: Identified species: Giraffids with confidence 0.9942243695259094
2025-03-05T18:38:01.727Z [INFO]: Saved uploaded image: C:\Users\Lenovo\Projects\alu-capstone_project_TEST\WildPedia\backend\uploads\3c2078b8-1811-4478-a327-86f7b4ec54d8-download (2).jpeg
2025-03-05T18:50:35.626Z [INFO]: Starting species identification with Vision API
2025-03-05T18:50:36.277Z [INFO]: Identified species: Giraffids with confidence 0.9942243695259094
2025-03-05T18:50:36.281Z [INFO]: Saved uploaded image: C:\Users\Lenovo\Projects\alu-capstone_project_TEST\WildPedia\backend\uploads\0a34a644-8ccc-494c-b510-5f04dfca70af-download (2).jpeg
2025-03-05T18:52:55.950Z [INFO]: Starting species identification with Vision API
2025-03-05T18:52:56.523Z [INFO]: Identified species: Giraffids with confidence 0.9942243695259094
2025-03-05T18:52:56.528Z [INFO]: Saved uploaded image: C:\Users\Lenovo\Projects\alu-capstone_project_TEST\WildPedia\backend\uploads\ddaee30d-89fa-43c8-ae7d-cb082036de30-download (2).jpeg
2025-03-05T18:53:02.985Z [INFO]: Starting species identification with Vision API
2025-03-05T18:53:03.368Z [INFO]: Identified species: Blue with confidence 0.9884891510009766
2025-03-05T18:53:03.371Z [INFO]: Saved uploaded image: C:\Users\Lenovo\Projects\alu-capstone_project_TEST\WildPedia\backend\uploads\513a91c7-3cb3-479b-a03b-d8c6510c53ff-download (1).jpeg
2025-03-05T18:53:18.315Z [INFO]: Starting species identification with Vision API
2025-03-05T18:53:18.666Z [INFO]: Identified species: Blue with confidence 0.9884891510009766
2025-03-05T18:53:18.670Z [INFO]: Saved uploaded image: C:\Users\Lenovo\Projects\alu-capstone_project_TEST\WildPedia\backend\uploads\75ca75cb-8fc2-4d05-a03a-cb2086c7e0fb-download (1).jpeg
2025-03-05T18:53:22.668Z [INFO]: Starting species identification with Vision API
2025-03-05T18:53:23.194Z [INFO]: Identified species: Blue with confidence 0.9884891510009766
2025-03-05T18:53:23.199Z [INFO]: Saved uploaded image: C:\Users\Lenovo\Projects\alu-capstone_project_TEST\WildPedia\backend\uploads\4c19bc14-9cdb-497a-a52a-96bc4f779d19-download (1).jpeg
2025-03-05T18:53:29.303Z [INFO]: Starting species identification with Vision API
2025-03-05T18:53:29.691Z [INFO]: Identified species: Giraffids with confidence 0.9942243695259094
2025-03-05T18:53:29.697Z [INFO]: Saved uploaded image: C:\Users\Lenovo\Projects\alu-capstone_project_TEST\WildPedia\backend\uploads\bbba18c1-eeab-44bb-917f-ec886fbd1d51-download (2).jpeg
2025-03-05T19:01:17.820Z [INFO]: Starting species identification with Vision API
2025-03-05T19:01:18.652Z [INFO]: Identified species: Giraffids with confidence 0.9942243695259094
2025-03-05T19:01:18.661Z [INFO]: Saved uploaded image: C:\Users\Lenovo\Projects\alu-capstone_project_TEST\WildPedia\backend\uploads\fed3e411-25ab-483d-a803-0098fb5abd0f-download (2).jpeg
2025-03-05T19:01:26.406Z [INFO]: Starting species identification with Vision API
2025-03-05T19:01:26.856Z [INFO]: Identified species: Giraffids with confidence 0.9942243695259094
2025-03-05T19:01:26.863Z [INFO]: Saved uploaded image: C:\Users\Lenovo\Projects\alu-capstone_project_TEST\WildPedia\backend\uploads\afbc83dd-df74-44e4-9fb6-35f07a9df88d-download (2).jpeg
2025-03-05T19:01:34.900Z [INFO]: Starting species identification with Vision API
2025-03-05T19:01:35.323Z [INFO]: Identified species: Blue with confidence 0.9884891510009766
2025-03-05T19:01:35.328Z [INFO]: Saved uploaded image: C:\Users\Lenovo\Projects\alu-capstone_project_TEST\WildPedia\backend\uploads\620997cd-1bde-439e-be86-d0405a414b02-download (1).jpeg
2025-03-05T19:03:53.498Z [ERROR]: Starting new log session...
2025-03-05T19:03:54.061Z [INFO]: Application started successfully.
2025-03-05T19:03:56.175Z [INFO]: Server running on port 5000
2025-03-05T19:03:59.012Z [INFO]: Starting species identification with Vision API
2025-03-05T19:04:00.173Z [INFO]: Identified species: Blue with confidence 0.9884891510009766
2025-03-05T19:04:00.177Z [INFO]: Saved uploaded image: C:\Users\Lenovo\Projects\alu-capstone_project_TEST\WildPedia\backend\uploads\51e3ccc1-676d-434c-921d-40028c3f7851-download (1).jpeg
2025-03-05T19:04:36.711Z [ERROR]: Starting new log session...
2025-03-05T19:04:37.375Z [INFO]: Application started successfully.
2025-03-05T19:04:38.595Z [INFO]: Server running on port 5000
2025-03-05T19:06:38.155Z [ERROR]: Starting new log session...
2025-03-05T19:06:38.439Z [INFO]: Application started successfully.
2025-03-05T19:06:39.775Z [INFO]: Server running on port 5000
2025-03-05T19:07:01.944Z [ERROR]: Starting new log session...
2025-03-05T19:07:02.284Z [INFO]: Application started successfully.
2025-03-05T19:07:03.239Z [INFO]: Server running on port 5000
2025-03-05T19:07:07.040Z [INFO]: Starting species identification with Vision API
2025-03-05T19:07:08.347Z [INFO]: Identified species: Bird with confidence 0.9937167167663574
2025-03-05T19:07:08.350Z [INFO]: Saved uploaded image: C:\Users\Lenovo\Projects\alu-capstone_project_TEST\WildPedia\backend\uploads\3c23471c-d9d2-46b7-a202-183a3aa963f2-download (1).jpeg
2025-03-05T19:07:12.618Z [INFO]: Starting species identification with Vision API
2025-03-05T19:07:13.253Z [INFO]: Identified species: Bird with confidence 0.9937167167663574
2025-03-05T19:07:13.258Z [INFO]: Saved uploaded image: C:\Users\Lenovo\Projects\alu-capstone_project_TEST\WildPedia\backend\uploads\7426f395-3743-47a8-b6a1-0e6313e607a7-download (1).jpeg
2025-03-05T19:07:32.654Z [ERROR]: Starting new log session...
2025-03-05T19:07:32.954Z [INFO]: Application started successfully.
2025-03-05T19:07:33.887Z [INFO]: Server running on port 5000
2025-03-05T19:07:36.203Z [INFO]: Starting species identification with Vision API
2025-03-05T19:07:37.314Z [INFO]: Identified species: Blue with confidence 0.9884891510009766
2025-03-05T19:07:37.317Z [INFO]: Saved uploaded image: C:\Users\Lenovo\Projects\alu-capstone_project_TEST\WildPedia\backend\uploads\6b84796e-2d98-46c3-a7ed-ce056a4fe951-download (1).jpeg
2025-03-05T19:08:41.732Z [ERROR]: Starting new log session...
2025-03-05T19:08:42.067Z [INFO]: Application started successfully.
2025-03-05T19:08:43.259Z [INFO]: Server running on port 5000
2025-03-05T19:08:56.726Z [INFO]: Starting species identification with Vision API
2025-03-05T19:08:57.624Z [ERROR]: Error in vision service: Unable to identify any species in this image. Please try a different image.
2025-03-05T19:08:57.627Z [ERROR]: Error identifying species: Unable to identify any species in this image. Please try a different image.
2025-03-05T19:09:00.350Z [INFO]: Starting species identification with Vision API
2025-03-05T19:09:00.741Z [ERROR]: Error in vision service: Unable to identify any species in this image. Please try a different image.
2025-03-05T19:09:00.743Z [ERROR]: Error identifying species: Unable to identify any species in this image. Please try a different image.
2025-03-05T19:09:01.625Z [INFO]: Starting species identification with Vision API
2025-03-05T19:09:02.095Z [ERROR]: Error in vision service: Unable to identify any species in this image. Please try a different image.
2025-03-05T19:09:02.096Z [ERROR]: Error identifying species: Unable to identify any species in this image. Please try a different image.
2025-03-05T19:09:02.991Z [INFO]: Starting species identification with Vision API
2025-03-05T19:09:03.416Z [ERROR]: Error in vision service: Unable to identify any species in this image. Please try a different image.
2025-03-05T19:09:03.419Z [ERROR]: Error identifying species: Unable to identify any species in this image. Please try a different image.
2025-03-05T19:09:38.923Z [ERROR]: Starting new log session...
2025-03-05T19:09:39.249Z [INFO]: Application started successfully.
2025-03-05T19:09:40.016Z [INFO]: Server running on port 5000
2025-03-05T19:09:42.665Z [INFO]: Starting species identification with Vision API
2025-03-05T19:09:43.714Z [ERROR]: Error in vision service: score is not defined
2025-03-05T19:09:43.715Z [ERROR]: Error identifying species: score is not defined
2025-03-05T19:09:44.851Z [INFO]: Starting species identification with Vision API
2025-03-05T19:09:45.339Z [ERROR]: Error in vision service: score is not defined
2025-03-05T19:09:45.341Z [ERROR]: Error identifying species: score is not defined
2025-03-05T19:09:47.077Z [INFO]: Starting species identification with Vision API
2025-03-05T19:09:47.527Z [ERROR]: Error in vision service: score is not defined
2025-03-05T19:09:47.529Z [ERROR]: Error identifying species: score is not defined
2025-03-05T19:10:23.423Z [ERROR]: Starting new log session...
2025-03-05T19:10:24.004Z [INFO]: Application started successfully.
2025-03-05T19:10:25.815Z [INFO]: Server running on port 5000
2025-03-05T19:11:27.704Z [INFO]: Starting species identification with Vision API
2025-03-05T19:11:28.662Z [INFO]: Identified species: Blue with confidence 0.9884891510009766
2025-03-05T19:11:28.671Z [INFO]: Saved uploaded image: C:\Users\Lenovo\Projects\alu-capstone_project_TEST\WildPedia\backend\uploads\b519d648-4a81-4631-87f8-8d8e51e77fd0-download (1).jpeg
2025-03-05T19:26:49.631Z [INFO]: Starting species identification with Vision API
2025-03-05T19:26:50.528Z [INFO]: Identified species: Blue with confidence 0.9884891510009766
2025-03-05T19:26:50.536Z [INFO]: Saved uploaded image: C:\Users\Lenovo\Projects\alu-capstone_project_TEST\WildPedia\backend\uploads\817ee95e-bd05-4eff-993e-6d2dac228ed5-download (1).jpeg
2025-03-05T19:27:17.812Z [INFO]: Starting species identification with Vision API
2025-03-05T19:27:18.181Z [INFO]: Identified species: Blue with confidence 0.9884891510009766
2025-03-05T19:27:18.182Z [INFO]: Saved uploaded image: C:\Users\Lenovo\Projects\alu-capstone_project_TEST\WildPedia\backend\uploads\cbf9a34d-b071-4636-9b34-555ceef577b1-download (1).jpeg
2025-03-05T19:27:19.830Z [INFO]: Starting species identification with Vision API
2025-03-05T19:27:20.197Z [INFO]: Identified species: Blue with confidence 0.9884891510009766
2025-03-05T19:27:20.199Z [INFO]: Saved uploaded image: C:\Users\Lenovo\Projects\alu-capstone_project_TEST\WildPedia\backend\uploads\212f1261-161a-43c7-9952-cbf8cd7fdf5e-download (1).jpeg
2025-03-05T19:27:21.020Z [INFO]: Starting species identification with Vision API
2025-03-05T19:27:21.442Z [INFO]: Identified species: Blue with confidence 0.9884891510009766
2025-03-05T19:27:21.444Z [INFO]: Saved uploaded image: C:\Users\Lenovo\Projects\alu-capstone_project_TEST\WildPedia\backend\uploads\616c3eb0-6798-4572-8519-c0f3a5f04996-download (1).jpeg
2025-03-05T19:28:24.015Z [INFO]: Starting species identification with Vision API
2025-03-05T19:28:24.416Z [INFO]: Identified species: Blue with confidence 0.9884891510009766
2025-03-05T19:28:24.420Z [INFO]: Saved uploaded image: C:\Users\Lenovo\Projects\alu-capstone_project_TEST\WildPedia\backend\uploads\43d180fc-ad5d-435d-b644-03955e2d0d96-download (1).jpeg
2025-03-05T19:28:29.759Z [INFO]: Starting species identification with Vision API
2025-03-05T19:28:30.211Z [INFO]: Identified species: Blue with confidence 0.9884891510009766
2025-03-05T19:28:30.215Z [INFO]: Saved uploaded image: C:\Users\Lenovo\Projects\alu-capstone_project_TEST\WildPedia\backend\uploads\19467e1f-0d68-4896-bdd4-28eee82f8f8d-download (1).jpeg
2025-03-05T19:28:58.035Z [INFO]: Starting species identification with Vision API
2025-03-05T19:28:58.438Z [INFO]: Identified species: Giraffids with confidence 0.9942243695259094
2025-03-05T19:28:58.443Z [INFO]: Saved uploaded image: C:\Users\Lenovo\Projects\alu-capstone_project_TEST\WildPedia\backend\uploads\d5daf22f-5593-4d63-a4c5-d42b952d7a2c-download (2).jpeg
2025-03-05T19:29:09.910Z [INFO]: Starting species identification with Vision API
2025-03-05T19:29:10.287Z [INFO]: Identified species: Giraffids with confidence 0.9942243695259094
2025-03-05T19:29:10.290Z [INFO]: Saved uploaded image: C:\Users\Lenovo\Projects\alu-capstone_project_TEST\WildPedia\backend\uploads\d2caf098-3441-43f6-b01e-b586ab6f7e06-download (2).jpeg
2025-03-05T19:29:41.862Z [ERROR]: MulterError: File too large
    at abortWithCode (C:\Users\Lenovo\Projects\alu-capstone_project_TEST\WildPedia\backend\node_modules\multer\lib\make-middleware.js:71:22)
    at FileStream.<anonymous> (C:\Users\Lenovo\Projects\alu-capstone_project_TEST\WildPedia\backend\node_modules\multer\lib\make-middleware.js:134:11)
    at FileStream.emit (node:events:519:28)
    at SBMH.ssCb [as _cb] (C:\Users\Lenovo\Projects\alu-capstone_project_TEST\WildPedia\backend\node_modules\busboy\lib\types\multipart.js:479:32)
    at feed (C:\Users\Lenovo\Projects\alu-capstone_project_TEST\WildPedia\backend\node_modules\streamsearch\lib\sbmh.js:248:10)
    at SBMH.push (C:\Users\Lenovo\Projects\alu-capstone_project_TEST\WildPedia\backend\node_modules\streamsearch\lib\sbmh.js:104:16)
    at Multipart._write (C:\Users\Lenovo\Projects\alu-capstone_project_TEST\WildPedia\backend\node_modules\busboy\lib\types\multipart.js:567:19)
    at writeOrBuffer (node:internal/streams/writable:564:12)
    at _write (node:internal/streams/writable:493:10)
    at Writable.write (node:internal/streams/writable:502:10)
2025-03-05T19:30:46.541Z [INFO]: Starting species identification with Vision API
2025-03-05T19:30:46.913Z [INFO]: Identified species: Elephant with confidence 0.9951421022415161
2025-03-05T19:30:46.917Z [INFO]: Saved uploaded image: C:\Users\Lenovo\Projects\alu-capstone_project_TEST\WildPedia\backend\uploads\48e81b73-6e56-4451-9a36-e8ec3531583a-download (3).jpeg
2025-03-05T19:32:56.899Z [INFO]: Starting species identification with Vision API
2025-03-05T19:32:57.300Z [INFO]: Identified species: Elephant with confidence 0.9951421022415161
2025-03-05T19:32:57.302Z [INFO]: Saved uploaded image: C:\Users\Lenovo\Projects\alu-capstone_project_TEST\WildPedia\backend\uploads\fb6a1ecb-2d01-474b-943e-004699914771-download (3).jpeg
2025-03-05T21:30:42.911Z [ERROR]: Starting new log session...
2025-03-05T21:30:43.226Z [INFO]: Application started successfully.
2025-03-05T21:30:44.270Z [INFO]: Server running on port 5000
2025-03-05T21:31:16.036Z [INFO]: Starting species identification with Vision API
2025-03-05T21:31:16.978Z [INFO]: Identified species: Elephant with confidence 0.9951421022415161
2025-03-05T21:31:16.983Z [INFO]: Saved uploaded image: C:\Users\Lenovo\Projects\alu-capstone_project_TEST\WildPedia\backend\uploads\a54f3432-d6c8-4d67-9eec-8b395e6ea142-download (3).jpeg
2025-03-05T21:31:33.683Z [INFO]: Starting species identification with Vision API
2025-03-05T21:31:34.080Z [INFO]: Identified species: Elephant with confidence 0.9951421022415161
2025-03-05T21:31:34.083Z [INFO]: Saved uploaded image: C:\Users\Lenovo\Projects\alu-capstone_project_TEST\WildPedia\backend\uploads\0b4d47ab-9a5d-4ef8-81ea-15db970f6380-download (3).jpeg
2025-03-05T21:31:39.414Z [INFO]: Starting species identification with Vision API
2025-03-05T21:31:39.818Z [INFO]: Identified species: Blue with confidence 0.9884891510009766
2025-03-05T21:31:39.821Z [INFO]: Saved uploaded image: C:\Users\Lenovo\Projects\alu-capstone_project_TEST\WildPedia\backend\uploads\9f6883a6-c5c6-4d76-b5c1-f55b6ad85f03-download (1).jpeg
2025-03-05T22:48:39.264Z [ERROR]: Starting new log session...
2025-03-05T22:48:39.849Z [INFO]: Application started successfully.
2025-03-05T22:48:41.756Z [INFO]: Server running on port 5000
2025-03-05T22:49:44.289Z [ERROR]: Starting new log session...
2025-03-05T22:49:44.427Z [INFO]: Connected to database
2025-03-05T22:49:44.427Z [INFO]: Starting taxonomy fetch process
2025-03-05T22:49:46.223Z [INFO]: Saved kingdom Plantae with key 6
2025-03-05T22:49:51.794Z [INFO]: Saved class Mammalia with key 359
2025-03-05T22:49:54.963Z [INFO]: Saved class Reptilia with key 44
2025-03-05T22:49:57.977Z [INFO]: Saved class Insecta with key 216
2025-03-05T22:50:00.685Z [INFO]: Saved class Aves with key 212
2025-03-05T22:50:02.825Z [INFO]: Saved class Amphibia with key 131
2025-03-05T22:50:05.125Z [ERROR]: Failed to fetch class Actinopterygii: No match found for CLASS Actinopterygii
2025-03-05T22:50:06.257Z [ERROR]: Failed to fetch class Chondrichthyes: No match found for CLASS Chondrichthyes
2025-03-05T22:50:06.259Z [INFO]: Saved kingdom Animalia with key 1
2025-03-05T22:50:09.460Z [ERROR]: Failed to fetch kingdom Mollusca: No match found for KINGDOM Mollusca
2025-03-05T22:50:09.461Z [INFO]: Taxonomy hierarchy fetched and saved
2025-03-05T22:50:09.462Z [INFO]: Fetching species for kingdom Plantae
2025-03-05T22:50:19.798Z [INFO]: Imported species: Hyphaene guineensis
2025-03-05T22:50:23.117Z [INFO]: Imported species: Prasiola tesselata
2025-03-05T22:50:28.173Z [INFO]: Imported species: Dictyococcus varians
2025-03-05T22:50:34.311Z [INFO]: Imported species: Actidesmium hookeri
2025-03-05T22:50:41.010Z [INFO]: Imported species: Characium rostratum
2025-03-05T22:50:44.510Z [INFO]: Imported species: Characium pseudopyriforme
2025-03-05T22:50:55.117Z [INFO]: Imported species: Characium angustum
2025-03-05T22:51:04.942Z [INFO]: Imported species: Characium obtusum
2025-03-05T22:51:11.406Z [INFO]: Imported species: Characium strictum
2025-03-05T22:51:15.217Z [INFO]: Imported species: Characium westianum
2025-03-05T22:51:19.191Z [INFO]: Imported species: Characium sieboldii
2025-03-05T22:51:23.270Z [INFO]: Imported species: Characium marinum
2025-03-05T22:51:26.148Z [INFO]: Imported species: Characium heteromorphum
2025-03-05T22:51:29.321Z [INFO]: Imported species: Characium pringsheimii
2025-03-05T22:51:32.793Z [INFO]: Imported species: Characium acuminatum
2025-03-05T22:51:36.909Z [INFO]: Imported species: Neochara huananensis
2025-03-05T22:51:40.870Z [INFO]: Imported species: Nitella pulchella
2025-03-05T22:51:43.986Z [INFO]: Imported species: Nitella leptostachys
2025-03-05T22:51:48.920Z [INFO]: Imported species: Nitella praelonga
2025-03-05T22:51:52.237Z [INFO]: Imported species: Nitella spiciformis
2025-03-05T22:51:55.334Z [INFO]: Imported species: Nitella lhotzkyi
2025-03-05T22:51:59.984Z [INFO]: Imported species: Nitella oligospira
2025-03-05T22:52:02.987Z [INFO]: Imported species: Nitella microcarpa
2025-03-05T22:52:06.365Z [INFO]: Imported species: Nitella orientalis
2025-03-05T22:52:10.968Z [INFO]: Imported species: Nitella pseudoflabellata
2025-03-05T22:52:15.281Z [INFO]: Imported species: Nitella comptonii
2025-03-05T22:52:17.955Z [INFO]: Imported species: Nitella gracilis
2025-03-05T22:52:20.839Z [INFO]: Imported species: Nitella opaca
2025-03-05T22:52:22.995Z [INFO]: Imported species: Nitella sonderi
2025-03-05T22:52:25.937Z [INFO]: Imported species: Nitella wahlbergiana
2025-03-05T22:52:29.148Z [INFO]: Imported species: Nitella polycarpa
2025-03-05T22:52:32.681Z [INFO]: Imported species: Nitella tolypelloides
2025-03-05T22:52:36.476Z [INFO]: Imported species: Nitella mucronata
2025-03-05T22:52:40.416Z [INFO]: Imported species: Nitella imperialis
2025-03-05T22:52:45.605Z [INFO]: Imported species: Nitella capillaris
2025-03-05T22:52:48.833Z [INFO]: Imported species: Nitella axillaris
2025-03-05T22:52:51.452Z [INFO]: Imported species: Nitella spanioclema
2025-03-05T22:52:54.605Z [INFO]: Imported species: Nitella translucens
2025-03-05T22:52:57.854Z [INFO]: Imported species: Nitella inversa
2025-03-05T22:53:00.906Z [INFO]: Imported species: Nitella gracilens
2025-03-05T22:53:04.023Z [INFO]: Imported species: Nitella confervacea
2025-03-05T22:53:06.948Z [INFO]: Imported species: Nitella acuminata
2025-03-05T22:53:10.049Z [INFO]: Imported species: Nitella hyalina
2025-03-05T22:53:13.028Z [INFO]: Imported species: Nitella tenuissima
2025-03-05T22:53:14.910Z [INFO]: Imported species: Lychnothamnus barbatus
2025-03-05T22:53:18.101Z [INFO]: Imported species: Gobichara deserta
2025-03-05T22:53:21.321Z [INFO]: Imported species: Tolypella glomerata
2025-03-05T22:53:24.394Z [INFO]: Imported species: Tolypella intricata
2025-03-05T22:53:29.535Z [INFO]: Imported species: Tolypella nidifica
2025-03-05T22:53:34.060Z [INFO]: Imported species: Tolypella hispanica
2025-03-05T22:53:34.060Z [INFO]: Imported 50 species for kingdom Plantae
2025-03-05T22:53:34.061Z [INFO]: Fetching species for class Mammalia
2025-03-05T22:53:44.047Z [INFO]: Imported species: Galeopterus variegatus
2025-03-05T22:53:47.938Z [INFO]: Imported species: Oryzorictes tetradactylus
2025-03-05T22:53:52.066Z [INFO]: Imported species: Oryzorictes hova
2025-03-05T22:53:55.764Z [INFO]: Imported species: Microgale thomasi
2025-03-05T22:53:58.079Z [INFO]: Imported species: Microgale fotsifotsy
2025-03-05T22:53:59.822Z [INFO]: Imported species: Microgale cowani
2025-03-05T22:54:01.795Z [INFO]: Imported species: Microgale gracilis
2025-03-05T22:54:03.947Z [INFO]: Imported species: Microgale parvula
2025-03-05T22:54:05.524Z [INFO]: Imported species: Microgale pusilla
2025-03-05T22:54:07.812Z [INFO]: Imported species: Microgale gymnorhyncha
2025-03-05T22:54:09.679Z [INFO]: Imported species: Microgale nasoloi
2025-03-05T22:54:11.821Z [INFO]: Imported species: Microgale taiva
2025-03-05T22:54:15.439Z [INFO]: Imported species: Microgale dobsoni
2025-03-05T22:54:21.846Z [INFO]: Imported species: Microgale longicaudata
2025-03-05T22:54:24.299Z [INFO]: Imported species: Microgale principula
2025-03-05T22:54:31.119Z [INFO]: Imported species: Microgale talazaci
2025-03-05T22:54:34.609Z [INFO]: Imported species: Microgale drouhardi
2025-03-05T22:54:38.966Z [INFO]: Imported species: Microgale monticola
2025-03-05T22:54:41.196Z [INFO]: Imported species: Microgale soricoides
2025-03-05T22:54:43.308Z [INFO]: Imported species: Microgale brevicaudata
2025-03-05T22:54:46.717Z [INFO]: Imported species: Microgale dryas
2025-03-05T22:54:50.811Z [INFO]: Imported species: Micropotamogale ruwenzorii
2025-03-05T22:54:54.392Z [INFO]: Imported species: Micropotamogale lamottei
2025-03-05T22:54:59.246Z [INFO]: Imported species: Hemicentetes nigriceps
2025-03-05T22:55:02.480Z [INFO]: Imported species: Hemicentetes semispinosus
2025-03-05T22:55:08.023Z [INFO]: Imported species: Limnogale mergulus
2025-03-05T22:55:09.763Z [INFO]: Imported species: Potamogale velox
2025-03-05T22:55:11.652Z [INFO]: Imported species: Geogale aurita
2025-03-05T22:55:15.248Z [INFO]: Imported species: Eremitalpa granti
2025-03-05T22:55:17.548Z [INFO]: Imported species: Neamblysomus julianae
2025-03-05T22:55:20.196Z [INFO]: Imported species: Neamblysomus gunningi
2025-03-05T22:55:22.424Z [INFO]: Imported species: Chrysochloris stuhlmanni
2025-03-05T22:55:27.372Z [INFO]: Imported species: Chrysochloris visagiei
2025-03-05T22:55:32.214Z [INFO]: Imported species: Chrysochloris asiatica
2025-03-05T22:55:35.611Z [INFO]: Imported species: Calcochloris tytonis
2025-03-05T22:55:39.622Z [INFO]: Imported species: Calcochloris leucorhinus
2025-03-05T22:55:41.844Z [INFO]: Imported species: Calcochloris obtusirostris
2025-03-05T22:55:49.534Z [INFO]: Imported species: Chrysospalax trevelyani
2025-03-05T22:55:55.031Z [INFO]: Imported species: Chrysospalax villosus
2025-03-05T22:55:57.162Z [INFO]: Imported species: Carpitalpa arendsi
2025-03-05T22:55:59.308Z [INFO]: Imported species: Chlorotalpa sclateri
2025-03-05T22:56:01.277Z [INFO]: Imported species: Chlorotalpa duthieae
2025-03-05T22:56:03.426Z [INFO]: Imported species: Rhogeessa tumida
2025-03-05T22:56:05.377Z [INFO]: Imported species: Rhogeessa minutilla
2025-03-05T22:56:07.522Z [INFO]: Imported species: Rhogeessa genowaysi
2025-03-05T22:56:09.614Z [INFO]: Imported species: Rhogeessa parvula
2025-03-05T22:56:12.371Z [INFO]: Imported species: Rhogeessa alleni
2025-03-05T22:56:14.927Z [INFO]: Imported species: Rhogeessa mira
2025-03-05T22:56:17.099Z [INFO]: Imported species: Rhogeessa gracilis
2025-03-05T22:56:19.707Z [INFO]: Imported species: Scotomanes ornatus
2025-03-05T22:56:19.708Z [INFO]: Imported 50 species for class Mammalia
2025-03-05T22:56:20.716Z [INFO]: Fetching species for class Reptilia
2025-03-05T22:56:26.570Z [INFO]: Imported species: Diplosoma gemmifera
2025-03-05T22:56:29.765Z [INFO]: Imported species: Hypobythius moseleyi
2025-03-05T22:56:33.852Z [INFO]: Imported species: Euherdmania vitrea
2025-03-05T22:56:37.425Z [INFO]: Imported species: Euherdmania claviformis
2025-03-05T22:56:40.458Z [INFO]: Imported species: Euherdmania divida
2025-03-05T22:56:43.894Z [INFO]: Imported species: Euherdmania solida
2025-03-05T22:56:48.490Z [INFO]: Imported species: Euherdmania dentatosiphonis
2025-03-05T22:56:50.753Z [INFO]: Imported species: Euherdmania fasciculata
2025-03-05T22:56:54.936Z [INFO]: Imported species: Euherdmania rodei
2025-03-05T22:56:58.720Z [INFO]: Imported species: Euherdmania translucida
2025-03-05T22:57:02.168Z [INFO]: Imported species: Euherdmania areolata
2025-03-05T22:57:04.952Z [INFO]: Imported species: Euherdmania digitata
2025-03-05T22:57:09.429Z [INFO]: Imported species: Euherdmania morgani
2025-03-05T22:57:12.823Z [INFO]: Imported species: Ciona savignyi
2025-03-05T22:57:18.437Z [INFO]: Imported species: Ciona mollis
2025-03-05T22:57:25.607Z [INFO]: Imported species: Ciona imperfecta
2025-03-05T22:57:30.662Z [INFO]: Imported species: Ciona edwardsi
2025-03-05T22:57:36.154Z [INFO]: Imported species: Ciona pomponiae
2025-03-05T22:57:38.410Z [INFO]: Imported species: Ciona intestinalis
2025-03-05T22:57:42.980Z [INFO]: Imported species: Ciona gelatinosa
2025-03-05T22:57:49.324Z [INFO]: Imported species: Ciona antarctica
2025-03-05T22:57:53.928Z [INFO]: Imported species: Ciona fascicularis
2025-03-05T22:57:57.306Z [INFO]: Imported species: Atriolum glauerti
2025-03-05T22:58:01.318Z [INFO]: Imported species: Didemnum amourouxi
2025-03-05T22:58:05.692Z [INFO]: Imported species: Didemnum fragum
2025-03-05T22:58:08.523Z [INFO]: Imported species: Didemnum translucidum
2025-03-05T22:58:11.771Z [INFO]: Imported species: Didemnum minisculum
2025-03-05T22:58:14.987Z [INFO]: Imported species: Didemnum stragulum
2025-03-05T22:58:18.352Z [INFO]: Imported species: Didemnum crescente
2025-03-05T22:58:21.635Z [INFO]: Imported species: Didemnum maculosum
2025-03-05T22:58:25.921Z [INFO]: Imported species: Didemnum rota
2025-03-05T22:58:31.599Z [INFO]: Imported species: Didemnum chartaceum
2025-03-05T22:58:35.641Z [INFO]: Imported species: Didemnum lahillei
2025-03-05T22:58:39.424Z [INFO]: Imported species: Didemnum polare
2025-03-05T22:58:42.391Z [INFO]: Imported species: Didemnum biglans
2025-03-05T22:58:45.675Z [INFO]: Imported species: Didemnum helgolandicum
2025-03-05T22:58:54.251Z [INFO]: Imported species: Didemnum fragile
2025-03-05T22:59:00.489Z [INFO]: Imported species: Didemnum nigricans
2025-03-05T22:59:04.947Z [INFO]: Imported species: Didemnum tonga
2025-03-05T22:59:08.943Z [INFO]: Imported species: Didemnum millari
2025-03-05T22:59:13.243Z [INFO]: Imported species: Didemnum stercoratum
2025-03-05T22:59:17.375Z [INFO]: Imported species: Didemnum coriaceum
2025-03-05T22:59:22.086Z [INFO]: Imported species: Didemnum macrospiculatum
2025-03-05T22:59:25.177Z [INFO]: Imported species: Didemnum roseum
2025-03-05T22:59:29.050Z [INFO]: Imported species: Didemnum cerebrale
2025-03-05T22:59:34.065Z [INFO]: Imported species: Didemnum lacertosum
2025-03-05T22:59:40.063Z [INFO]: Imported species: Didemnum poecilomorpha
2025-03-05T22:59:47.638Z [INFO]: Imported species: Didemnum guttatum
2025-03-05T22:59:52.697Z [INFO]: Imported species: Didemnum verdantum
2025-03-05T22:59:55.964Z [INFO]: Imported species: Didemnum amethysteum
2025-03-05T22:59:55.964Z [INFO]: Imported 50 species for class Reptilia
2025-03-05T22:59:56.975Z [INFO]: Fetching species for class Insecta
2025-03-05T23:00:04.803Z [INFO]: Imported species: Embia nuragica
2025-03-05T23:00:08.333Z [INFO]: Imported species: Embia lecerfi
2025-03-05T23:00:13.703Z [INFO]: Imported species: Embia maroccana
2025-03-05T23:00:19.772Z [INFO]: Imported species: Embia fuentei
2025-03-05T23:00:23.383Z [INFO]: Imported species: Embia savignyi
2025-03-05T23:00:27.828Z [INFO]: Imported species: Embia conula
2025-03-05T23:00:31.117Z [INFO]: Imported species: Embia biroi
2025-03-05T23:00:33.994Z [INFO]: Imported species: Embia asmarae
2025-03-05T23:00:37.548Z [INFO]: Imported species: Embia amadorae
2025-03-05T23:00:40.904Z [INFO]: Imported species: Embia shoa
2025-03-05T23:00:44.308Z [INFO]: Imported species: Embia sinuosa
2025-03-05T23:00:48.642Z [INFO]: Imported species: Embia alomatae
2025-03-05T23:00:51.535Z [INFO]: Imported species: Embia brevispina
2025-03-05T23:00:56.045Z [INFO]: Imported species: Embia ramburi
2025-03-05T23:01:00.490Z [INFO]: Imported species: Embia nigrula
2025-03-05T23:01:03.768Z [INFO]: Imported species: Embia nigriceps
2025-03-05T23:01:06.841Z [INFO]: Imported species: Embia contorta
2025-03-05T23:01:11.258Z [INFO]: Imported species: Embia tyrrhenica
2025-03-05T23:01:14.142Z [INFO]: Imported species: Embia algerica
2025-03-05T23:01:17.261Z [INFO]: Imported species: Embia sinai
2025-03-05T23:01:21.211Z [INFO]: Imported species: Embia mauritanica
2025-03-05T23:01:24.664Z [INFO]: Imported species: Embia adenensis
2025-03-05T23:01:29.773Z [INFO]: Imported species: Embia lesnei
2025-03-05T23:01:33.058Z [INFO]: Imported species: Embia silvestrii
2025-03-05T23:01:36.819Z [INFO]: Imported species: Embia larachensis
2025-03-05T23:01:42.685Z [INFO]: Imported species: Embia pallida
2025-03-05T23:01:47.369Z [INFO]: Imported species: Embia attenuata
2025-03-05T23:01:51.240Z [INFO]: Imported species: Embia lucasi
2025-03-05T23:01:54.941Z [INFO]: Imported species: Pseudembia paradoxa
2025-03-05T23:01:58.176Z [INFO]: Imported species: Pseudembia truncata
2025-03-05T23:02:02.530Z [INFO]: Imported species: Dinembia ferruginea
2025-03-05T23:02:08.445Z [INFO]: Imported species: Parthenembia reclusa
2025-03-05T23:02:11.555Z [INFO]: Imported species: Enveja bequaerti
2025-03-05T23:02:15.758Z [INFO]: Imported species: Leptembia hamifera
2025-03-05T23:02:18.798Z [INFO]: Imported species: Leptembia erythreae
2025-03-05T23:02:22.550Z [INFO]: Imported species: Oedembia dilatamenta
2025-03-05T23:02:25.886Z [INFO]: Imported species: Oedembia burmana
2025-03-05T23:02:29.901Z [INFO]: Imported species: Metembia ferox
2025-03-05T23:02:33.589Z [INFO]: Imported species: Odontembia spinosa
2025-03-05T23:02:38.781Z [INFO]: Imported species: Cleomia guareschii
2025-03-05T23:02:42.407Z [INFO]: Imported species: Dihybocercus lunaris
2025-03-05T23:02:45.707Z [INFO]: Imported species: Dihybocercus severini
2025-03-05T23:02:49.561Z [INFO]: Imported species: Acrosembia scotti
2025-03-05T23:02:53.344Z [INFO]: Imported species: Acrosembia lichenophila
2025-03-05T23:02:57.543Z [INFO]: Imported species: Arabembia arida
2025-03-05T23:03:00.959Z [INFO]: Imported species: Arabembia pakistanae
2025-03-05T23:03:04.618Z [INFO]: Imported species: Arabembia biarmata
2025-03-05T23:03:07.987Z [INFO]: Imported species: Apterembia cercocyrta
2025-03-05T23:03:12.472Z [INFO]: Imported species: Berlandembia berlandi
2025-03-05T23:03:16.409Z [INFO]: Imported species: Donaconethis abyssinica
2025-03-05T23:03:16.410Z [INFO]: Imported 50 species for class Insecta
2025-03-05T23:03:17.412Z [INFO]: Fetching species for class Aves
2025-03-05T23:03:23.883Z [INFO]: Imported species: Guttera pucherani
2025-03-05T23:03:27.281Z [INFO]: Imported species: Guttera plumifera
2025-03-05T23:03:30.788Z [INFO]: Imported species: Agelastes niger
2025-03-05T23:03:34.679Z [INFO]: Imported species: Agelastes meleagrides
2025-03-05T23:03:40.578Z [INFO]: Imported species: Acryllium vulturinum
2025-03-05T23:03:42.792Z [INFO]: Imported species: Numida meleagris
2025-03-05T23:03:46.661Z [INFO]: Imported species: Perdicula manipurensis
2025-03-05T23:03:50.151Z [INFO]: Imported species: Perdicula asiatica
2025-03-05T23:03:53.861Z [INFO]: Imported species: Perdicula erythrorhyncha
2025-03-05T23:03:59.177Z [INFO]: Imported species: Perdicula argoondah
2025-03-05T23:04:03.947Z [INFO]: Imported species: Lagopus lagopus
2025-03-05T23:04:08.051Z [INFO]: Imported species: Tetraogallus caspius
2025-03-05T23:04:12.083Z [INFO]: Imported species: Tetraogallus caucasicus
2025-03-05T23:04:15.285Z [INFO]: Imported species: Tetraogallus tibetanus
2025-03-05T23:04:20.387Z [INFO]: Imported species: Tetraogallus altaicus
2025-03-05T23:04:26.969Z [INFO]: Imported species: Tetraogallus himalayensis
2025-03-05T23:04:31.993Z [INFO]: Imported species: Melanoperdix niger
2025-03-05T23:04:35.464Z [INFO]: Imported species: Syrmaticus reevesii
2025-03-05T23:04:40.369Z [INFO]: Imported species: Syrmaticus humiae
2025-03-05T23:04:43.508Z [INFO]: Imported species: Syrmaticus mikado
2025-03-05T23:04:48.851Z [INFO]: Imported species: Syrmaticus ellioti
2025-03-05T23:04:52.807Z [INFO]: Imported species: Syrmaticus soemmerringii
2025-03-05T23:04:56.422Z [INFO]: Imported species: Canachites canadensis
2025-03-05T23:05:00.292Z [INFO]: Imported species: Falcipennis falcipennis
2025-03-05T23:05:05.021Z [INFO]: Imported species: Tympanuchus cupido
2025-03-05T23:05:08.436Z [INFO]: Imported species: Tympanuchus phasianellus
2025-03-05T23:05:15.048Z [INFO]: Imported species: Tympanuchus pallidicinctus
2025-03-05T23:05:20.764Z [INFO]: Imported species: Tetraophasis obscurus
2025-03-05T23:05:23.892Z [INFO]: Imported species: Tetraophasis szechenyii
2025-03-05T23:05:28.417Z [INFO]: Imported species: Tragopan satyra
2025-03-05T23:05:32.470Z [INFO]: Imported species: Tragopan blythii
2025-03-05T23:05:35.986Z [INFO]: Imported species: Tragopan melanocephalus
2025-03-05T23:05:39.417Z [INFO]: Imported species: Tragopan temminckii
2025-03-05T23:05:42.655Z [INFO]: Imported species: Tragopan caboti
2025-03-05T23:05:46.353Z [INFO]: Imported species: Margaroperdix madagarensis
2025-03-05T23:05:49.890Z [INFO]: Imported species: Pucrasia macrolopha
2025-03-05T23:05:53.689Z [INFO]: Imported species: Tetrao urogallus
2025-03-05T23:05:56.832Z [INFO]: Imported species: Pavo muticus
2025-03-05T23:06:02.022Z [INFO]: Imported species: Arborophila rufipectus
2025-03-05T23:06:06.262Z [INFO]: Imported species: Arborophila torqueola
2025-03-05T23:06:11.433Z [INFO]: Imported species: Arborophila hyperythra
2025-03-05T23:06:14.679Z [INFO]: Imported species: Arborophila orientalis
2025-03-05T23:06:19.085Z [INFO]: Imported species: Arborophila rufogularis
2025-03-05T23:06:22.392Z [INFO]: Imported species: Arborophila rolli
2025-03-05T23:06:25.825Z [INFO]: Imported species: Arborophila ardens
2025-03-05T23:06:30.473Z [INFO]: Imported species: Arborophila brunneopectus
2025-03-05T23:06:36.268Z [INFO]: Imported species: Arborophila davidi
2025-03-05T23:06:41.288Z [INFO]: Imported species: Arborophila javanica
2025-03-05T23:06:46.307Z [INFO]: Imported species: Arborophila mandellii
2025-03-05T23:06:51.225Z [INFO]: Imported species: Arborophila rubrirostris
2025-03-05T23:06:51.226Z [INFO]: Imported 50 species for class Aves
2025-03-05T23:06:52.247Z [INFO]: Fetching species for class Amphibia
2025-03-05T23:06:57.831Z [INFO]: Imported species: Nasikabatrachus sahyadrensis
2025-03-05T23:07:01.199Z [INFO]: Imported species: Platymantis dorsalis
2025-03-05T23:07:06.850Z [INFO]: Imported species: Platymantis indeprensus
2025-03-05T23:07:10.500Z [INFO]: Imported species: Platymantis panayensis
2025-03-05T23:07:13.740Z [INFO]: Imported species: Platymantis pygmaeus
2025-03-05T23:07:18.144Z [INFO]: Imported species: Cornufer macrops
2025-03-05T23:07:24.559Z [INFO]: Imported species: Platymantis levigatus
2025-03-05T23:07:31.628Z [INFO]: Imported species: Platymantis montanus
2025-03-05T23:07:38.293Z [INFO]: Imported species: Cornufer montanus
2025-03-05T23:07:42.691Z [INFO]: Imported species: Platymantis corrugatus
2025-03-05T23:07:46.356Z [INFO]: Imported species: Cornufer boulengeri
2025-03-05T23:07:49.806Z [INFO]: Imported species: Platymantis luzonensis
2025-03-05T23:07:53.872Z [INFO]: Imported species: Platymantis pseudodorsalis
2025-03-05T23:07:56.635Z [INFO]: Imported species: Platymantis spelaeus
2025-03-05T23:08:00.190Z [INFO]: Imported species: Cornufer aculeodactylus
2025-03-05T23:08:03.673Z [INFO]: Imported species: Cornufer solomonis
2025-03-05T23:08:07.041Z [INFO]: Imported species: Platymantis naomii
2025-03-05T23:08:10.372Z [INFO]: Imported species: Platymantis hazelae
2025-03-05T23:08:13.252Z [INFO]: Imported species: Platymantis negrosensis
2025-03-05T23:08:16.576Z [INFO]: Imported species: Platymantis cornutus
2025-03-05T23:08:20.516Z [INFO]: Imported species: Platymantis polillensis
2025-03-05T23:08:23.723Z [INFO]: Imported species: Platymantis insulatus
2025-03-05T23:08:27.006Z [INFO]: Imported species: Platymantis mimulus
2025-03-05T23:08:30.376Z [INFO]: Imported species: Cornufer guppyi
2025-03-05T23:08:33.985Z [INFO]: Imported species: Cornufer neckeri
2025-03-05T23:08:37.596Z [INFO]: Imported species: Platymantis paengi
2025-03-05T23:08:40.923Z [INFO]: Imported species: Platymantis lawtoni
2025-03-05T23:08:44.592Z [INFO]: Imported species: Platymantis diesmosi
2025-03-05T23:08:48.127Z [INFO]: Imported species: Platymantis guentheri
2025-03-05T23:08:52.896Z [INFO]: Imported species: Cornufer guentheri
2025-03-05T23:08:56.105Z [INFO]: Imported species: Platymantis taylori
2025-03-05T23:09:03.398Z [INFO]: Imported species: Cornufer pelewensis
2025-03-05T23:09:09.088Z [INFO]: Imported species: Platymantis banahao
2025-03-05T23:09:16.940Z [INFO]: Imported species: Platymantis isarog
2025-03-05T23:09:22.824Z [INFO]: Imported species: Platymantis sierramadrensis
2025-03-05T23:09:27.037Z [INFO]: Imported species: Platymantis cagayanensis
2025-03-05T23:09:31.641Z [INFO]: Imported species: Platymantis rabori
2025-03-05T23:09:36.249Z [INFO]: Imported species: Cornufer gilliardi
2025-03-05T23:09:39.222Z [INFO]: Imported species: Cornufer myersi
2025-03-05T23:09:42.741Z [INFO]: Imported species: Platymantis subterrestris
2025-03-05T23:09:46.037Z [INFO]: Imported species: Dermatonotus muelleri
2025-03-05T23:09:49.250Z [INFO]: Imported species: Phrynomantis microps
2025-03-05T23:09:53.607Z [INFO]: Imported species: Phrynomantis affinis
2025-03-05T23:09:58.540Z [INFO]: Imported species: Phrynomantis bifasciatus
2025-03-05T23:10:02.243Z [INFO]: Imported species: Phrynomantis somalicus
2025-03-05T23:10:04.460Z [INFO]: Imported species: Phrynomantis annectens
2025-03-05T23:10:09.156Z [INFO]: Imported species: Synapturanus rabus
2025-03-05T23:10:11.950Z [INFO]: Imported species: Synapturanus mirandaribeiroi
2025-03-05T23:10:15.648Z [INFO]: Imported species: Synapturanus salseri
2025-03-05T23:10:19.804Z [INFO]: Imported species: Scaphiophryne marmorata
2025-03-05T23:10:19.804Z [INFO]: Imported 50 species for class Amphibia
2025-03-05T23:10:20.815Z [INFO]: Import completed. Total species imported: 300
2025-03-05T23:10:20.817Z [INFO]: Total execution time: 1236.521 seconds
2025-03-05T23:10:20.877Z [INFO]: Database connection closed
2025-03-05T23:28:11.741Z [ERROR]: Starting new log session...
2025-03-05T23:28:07.995Z [ERROR]: Starting new log session...
2025-03-05T23:28:09.098Z [INFO]: Application started successfully.
2025-03-05T23:28:11.777Z [INFO]: Server running on port 5000
2025-03-05T23:28:14.271Z [INFO]: Successfully imported Panthera leo (Lion)
2025-03-05T23:28:16.359Z [INFO]: Successfully imported Gorilla beringei (Eastern Gorilla)
2025-03-05T23:28:18.674Z [INFO]: Successfully imported Loxodonta africana (African Elephant)
2025-03-05T23:28:20.726Z [INFO]: Successfully imported Giraffa camelopardalis (Giraffe)
2025-03-05T23:28:22.860Z [INFO]: Successfully imported Syncerus caffer (African Buffalo)
2025-03-05T23:28:25.416Z [INFO]: Successfully imported Hippopotamus amphibius (Hippopotamus)
2025-03-05T23:28:27.393Z [INFO]: Successfully imported Diceros bicornis (Black Rhinoceros)
2025-03-05T23:28:31.747Z [INFO]: Successfully imported Acinonyx jubatus (Cheetah)
2025-03-05T23:28:34.230Z [ERROR]: Error importing iconic species: insert or update on table "species" violates foreign key constraint "species_class_key_fkey"
2025-03-05T23:44:19.165Z [ERROR]: Starting new log session...
2025-03-05T23:44:19.520Z [INFO]: Application started successfully.
2025-03-05T23:44:20.781Z [INFO]: Server running on port 5000
2025-03-05T23:44:22.851Z [ERROR]: Starting new log session...
2025-03-05T23:44:22.996Z [INFO]: Species Panthera leo already exists, skipping.
2025-03-05T23:44:22.997Z [INFO]: Species Gorilla beringei already exists, skipping.
2025-03-05T23:44:22.998Z [INFO]: Species Loxodonta africana already exists, skipping.
2025-03-05T23:44:22.999Z [INFO]: Species Giraffa camelopardalis already exists, skipping.
2025-03-05T23:44:23.000Z [INFO]: Species Syncerus caffer already exists, skipping.
2025-03-05T23:44:23.001Z [INFO]: Species Hippopotamus amphibius already exists, skipping.
2025-03-05T23:44:23.003Z [INFO]: Species Diceros bicornis already exists, skipping.
2025-03-05T23:44:23.004Z [INFO]: Species Acinonyx jubatus already exists, skipping.
2025-03-05T23:44:26.577Z [ERROR]: Error importing iconic species: insert or update on table "species" violates foreign key constraint "species_class_key_fkey"
2025-03-05T23:48:22.156Z [ERROR]: Starting new log session...
2025-03-05T23:48:22.486Z [INFO]: Application started successfully.
2025-03-05T23:48:23.304Z [INFO]: Server running on port 5000
2025-03-05T23:48:23.840Z [ERROR]: Starting new log session...
2025-03-05T23:48:23.945Z [INFO]: Species Panthera leo already exists, skipping.
2025-03-05T23:48:23.948Z [INFO]: Species Gorilla beringei already exists, skipping.
2025-03-05T23:48:23.949Z [INFO]: Species Loxodonta africana already exists, skipping.
2025-03-05T23:48:23.950Z [INFO]: Species Giraffa camelopardalis already exists, skipping.
2025-03-05T23:48:23.951Z [INFO]: Species Syncerus caffer already exists, skipping.
2025-03-05T23:48:23.951Z [INFO]: Species Hippopotamus amphibius already exists, skipping.
2025-03-05T23:48:23.952Z [INFO]: Species Diceros bicornis already exists, skipping.
2025-03-05T23:48:23.954Z [INFO]: Species Acinonyx jubatus already exists, skipping.
2025-03-05T23:48:25.243Z [INFO]: Ensured taxonomic keys exist for Natrix harteri Trapido, 1941
2025-03-05T23:48:26.290Z [INFO]: Successfully imported Crocodylus niloticus (Nile Crocodile)
2025-03-05T23:48:27.538Z [INFO]: Ensured taxonomic keys exist for Odocoileus virginianus (Zimmermann, 1780)
2025-03-05T23:48:28.702Z [INFO]: Successfully imported Equus quagga (Plains Zebra)
2025-03-05T23:48:29.749Z [INFO]: Ensured taxonomic keys exist for Panthera pardus kotiya Deraniyagala, 1956
2025-03-05T23:48:30.892Z [INFO]: Successfully imported Panthera pardus (Leopard)
2025-03-05T23:48:32.212Z [INFO]: Ensured taxonomic keys exist for Odocoileus hemionus (Rafinesque, 1817)
2025-03-05T23:48:33.618Z [INFO]: Successfully imported Ceratotherium simum (White Rhinoceros)
2025-03-05T23:48:34.521Z [INFO]: Ensured taxonomic keys exist for Naemorhedus caudatus (Milne-Edwards, 1867)
2025-03-05T23:48:35.434Z [INFO]: Successfully imported Connochaetes taurinus (Blue Wildebeest)
2025-03-05T23:48:37.400Z [WARN]: Attempt 1 failed, retrying...
2025-03-05T23:48:40.219Z [WARN]: Attempt 2 failed, retrying...
2025-03-05T23:48:43.238Z [ERROR]: Error fetching species data for 2436456: HTTP error! Status: 404
2025-03-05T23:48:43.239Z [WARN]: Could not fetch data for Papio anubis, skipping.
2025-03-05T23:48:44.240Z [INFO]: Ensured taxonomic keys exist for Canis microtis Sclater, 1883
2025-03-05T23:48:45.345Z [INFO]: Successfully imported Crocuta crocuta (Spotted Hyena)
2025-03-05T23:48:46.352Z [WARN]: Attempt 1 failed, retrying...
2025-03-05T23:48:49.402Z [WARN]: Attempt 2 failed, retrying...
2025-03-05T23:48:52.617Z [ERROR]: Error fetching species data for 2436990: HTTP error! Status: 404
2025-03-05T23:48:52.618Z [WARN]: Could not fetch data for Cercopithecus mitis, skipping.
2025-03-05T23:48:53.678Z [INFO]: Ensured taxonomic keys exist for Trionyx stellatus japonica Temminck, 1835
2025-03-05T23:48:55.737Z [INFO]: Successfully imported Tragelaphus strepsiceros (Greater Kudu)
2025-03-05T23:48:56.804Z [WARN]: Attempt 1 failed, retrying...
2025-03-05T23:48:59.692Z [WARN]: Attempt 2 failed, retrying...
2025-03-05T23:49:02.742Z [ERROR]: Error fetching species data for 2441174: HTTP error! Status: 404
2025-03-05T23:49:02.742Z [WARN]: Could not fetch data for Taurotragus oryx, skipping.
2025-03-05T23:49:03.679Z [WARN]: Attempt 1 failed, retrying...
2025-03-05T23:49:06.459Z [WARN]: Attempt 2 failed, retrying...
2025-03-05T23:49:09.468Z [ERROR]: Error fetching species data for 5219227: HTTP error! Status: 404
2025-03-05T23:49:09.469Z [WARN]: Could not fetch data for Hyaena hyaena, skipping.
2025-03-05T23:49:10.550Z [INFO]: Ensured taxonomic keys exist for Neotragus C.H.Smith, 1827
2025-03-05T23:49:11.450Z [INFO]: Successfully imported Kobus ellipsiprymnus (Waterbuck)
2025-03-05T23:49:13.240Z [INFO]: Ensured taxonomic keys exist for Oreotragus oreotragus (Zimmermann, 1783)
2025-03-05T23:49:14.325Z [INFO]: Successfully imported Oreotragus oreotragus (Klipspringer)
2025-03-05T23:49:15.643Z [WARN]: Attempt 1 failed, retrying...
2025-03-05T23:49:18.599Z [WARN]: Attempt 2 failed, retrying...
2025-03-05T23:49:21.566Z [ERROR]: Error fetching species data for 5219242: HTTP error! Status: 404
2025-03-05T23:49:21.567Z [WARN]: Could not fetch data for Canis mesomelas, skipping.
2025-03-05T23:49:22.636Z [INFO]: Ensured taxonomic keys exist for Trionyx perocellatus Gray, 1855
2025-03-05T23:49:24.700Z [INFO]: Successfully imported Tragelaphus scriptus (Bushbuck)
2025-03-05T23:49:25.613Z [WARN]: Attempt 1 failed, retrying...
2025-03-05T23:49:28.560Z [WARN]: Attempt 2 failed, retrying...
2025-03-05T23:49:31.346Z [ERROR]: Error fetching species data for 2441201: HTTP error! Status: 404
2025-03-05T23:49:31.346Z [WARN]: Could not fetch data for Phacochoerus africanus, skipping.
2025-03-05T23:49:32.929Z [INFO]: Ensured taxonomic keys exist for Phacochoerus F.Cuvier, 1826
2025-03-05T23:49:34.069Z [INFO]: Successfully imported Aepyceros melampus (Impala)
2025-03-05T23:49:35.316Z [INFO]: Ensured taxonomic keys exist for Trachylepis brauni (Tornier, 1902)
2025-03-05T23:49:36.539Z [INFO]: Successfully imported Naja haje (Egyptian Cobra)
2025-03-05T23:49:37.626Z [INFO]: Ensured taxonomic keys exist for Tachymenis nototaenia Peters, 1882
2025-03-05T23:49:38.693Z [INFO]: Successfully imported Python sebae (African Rock Python)
2025-03-05T23:49:39.768Z [INFO]: Ensured taxonomic keys exist for Profelis Severtzov, 1858
2025-03-05T23:49:40.662Z [INFO]: Successfully imported Leptailurus serval (Serval)
2025-03-05T23:49:41.885Z [WARN]: Attempt 1 failed, retrying...
2025-03-05T23:49:45.011Z [WARN]: Attempt 2 failed, retrying...
2025-03-05T23:49:48.796Z [ERROR]: Error fetching species data for 2474783: HTTP error! Status: 404
2025-03-05T23:49:48.797Z [WARN]: Could not fetch data for Bucorvus leadbeateri, skipping.
2025-03-05T23:49:49.795Z [WARN]: Attempt 1 failed, retrying...
2025-03-05T23:49:52.829Z [WARN]: Attempt 2 failed, retrying...
2025-03-05T23:49:55.867Z [ERROR]: Error fetching species data for 2474859: HTTP error! Status: 404
2025-03-05T23:49:55.868Z [WARN]: Could not fetch data for Balearica regulorum, skipping.
2025-03-05T23:49:58.099Z [INFO]: Ensured taxonomic keys exist for Euprepes occidentalis Peters
2025-03-05T23:49:59.747Z [INFO]: Successfully imported Dendroaspis polylepis (Black Mamba)
2025-03-05T23:50:01.804Z [WARN]: Attempt 1 failed, retrying...
2025-03-05T23:50:04.849Z [WARN]: Attempt 2 failed, retrying...
2025-03-05T23:50:08.048Z [ERROR]: Error fetching species data for 2480591: HTTP error! Status: 404
2025-03-05T23:50:08.048Z [WARN]: Could not fetch data for Sagittarius serpentarius, skipping.
2025-03-05T23:50:09.056Z [INFO]: Ensured taxonomic keys exist for Oroaetus Ridgway, 1920
2025-03-05T23:50:11.112Z [INFO]: Successfully imported Gyps africanus (White-backed Vulture)
2025-03-05T23:50:12.166Z [INFO]: Ensured taxonomic keys exist for Accipiter butleri (Gurney & Jr., 1898)
2025-03-05T23:50:13.476Z [INFO]: Successfully imported Terathopius ecaudatus (Bateleur Eagle)
2025-03-05T23:50:14.709Z [WARN]: Attempt 1 failed, retrying...
2025-03-05T23:50:17.755Z [WARN]: Attempt 2 failed, retrying...
2025-03-05T23:50:20.790Z [ERROR]: Error fetching species data for 5219251: HTTP error! Status: 404
2025-03-05T23:50:20.791Z [WARN]: Could not fetch data for Mungos mungo, skipping.
2025-03-05T23:50:22.608Z [INFO]: Ensured taxonomic keys exist for Capra walie Rüppell, 1835
2025-03-05T23:50:23.598Z [INFO]: Successfully imported Madoqua kirkii (Kirk's Dik-dik)
2025-03-05T23:50:25.155Z [INFO]: Ensured taxonomic keys exist for Ochotona rutila (Severtzov, 1873)
2025-03-05T23:50:29.513Z [INFO]: Successfully imported Colobus guereza (Mantled Guereza)
2025-03-05T23:50:30.585Z [INFO]: Ensured taxonomic keys exist for Conilurus penicillatus (Gould, 1842)
2025-03-05T23:50:31.996Z [INFO]: Successfully imported Orycteropus afer (Aardvark)
2025-03-05T23:50:33.724Z [WARN]: Attempt 1 failed, retrying...
2025-03-05T23:50:37.591Z [WARN]: Attempt 2 failed, retrying...
2025-03-05T23:50:42.052Z [ERROR]: Error fetching species data for 5219212: HTTP error! Status: 404
2025-03-05T23:50:42.053Z [WARN]: Could not fetch data for Mellivora capensis, skipping.
2025-03-05T23:50:43.084Z [WARN]: Attempt 1 failed, retrying...
2025-03-05T23:50:45.909Z [WARN]: Attempt 2 failed, retrying...
2025-03-05T23:50:49.011Z [ERROR]: Error fetching species data for 5219238: HTTP error! Status: 404
2025-03-05T23:50:49.012Z [WARN]: Could not fetch data for Otocyon megalotis, skipping.
2025-03-05T23:50:50.120Z [INFO]: Ensured taxonomic keys exist for Bison C.H.Smith, 1827
2025-03-05T23:50:50.997Z [INFO]: Successfully imported Taurotragus derbianus (Giant Eland)
2025-03-05T23:50:52.062Z [INFO]: Ensured taxonomic keys exist for Cormura Peters, 1867
2025-03-05T23:50:53.138Z [INFO]: Successfully imported Manis temminckii (Ground Pangolin)
2025-03-05T23:50:54.151Z [WARN]: Attempt 1 failed, retrying...
2025-03-05T23:50:57.237Z [WARN]: Attempt 2 failed, retrying...
2025-03-05T23:51:00.313Z [ERROR]: Error fetching species data for 2434229: HTTP error! Status: 404
2025-03-05T23:51:00.314Z [WARN]: Could not fetch data for Civettictis civetta, skipping.
2025-03-05T23:51:02.009Z [WARN]: Attempt 1 failed, retrying...
2025-03-05T23:51:05.216Z [WARN]: Attempt 2 failed, retrying...
2025-03-05T23:51:08.178Z [ERROR]: Error fetching species data for 5219158: HTTP error! Status: 404
2025-03-05T23:51:08.179Z [WARN]: Could not fetch data for Lycaon pictus, skipping.
2025-03-05T23:51:09.082Z [WARN]: Attempt 1 failed, retrying...
2025-03-05T23:51:12.287Z [WARN]: Attempt 2 failed, retrying...
2025-03-05T23:51:15.263Z [ERROR]: Error fetching species data for 2441191: HTTP error! Status: 404
2025-03-05T23:51:15.264Z [WARN]: Could not fetch data for Litocranius walleri, skipping.
2025-03-05T23:51:16.495Z [INFO]: Ensured taxonomic keys exist for Dorcatragus megalotis (Menges, 1894)
2025-03-05T23:51:18.543Z [INFO]: Successfully imported Damaliscus lunatus (Topi)
2025-03-05T23:51:19.716Z [INFO]: Ensured taxonomic keys exist for Porzana marginalis Hartlaub, 1857
2025-03-05T23:51:20.783Z [INFO]: Successfully imported Numida meleagris (Helmeted Guineafowl)
2025-03-05T23:51:21.913Z [INFO]: Ensured taxonomic keys exist for Thermophilus Fitzinger, 1843
2025-03-05T23:51:23.228Z [INFO]: Successfully imported Varanus niloticus (Nile Monitor)
2025-03-05T23:51:24.143Z [INFO]: Ensured taxonomic keys exist for Circaetus Vieillot, 1816
2025-03-05T23:51:26.213Z [INFO]: Successfully imported Trigonoceps occipitalis (White-headed Vulture)
2025-03-05T23:51:27.298Z [INFO]: Ensured taxonomic keys exist for Apus pacificus leuconyx (Blyth, 1845)
2025-03-05T23:51:28.366Z [INFO]: Successfully imported Aquila rapax (Tawny Eagle)
2025-03-05T23:51:28.371Z [INFO]: Iconic species import completed
2025-03-06T09:05:48.843Z [ERROR]: Starting new log session...
2025-03-06T09:05:49.660Z [INFO]: Application started successfully.
2025-03-06T09:05:52.948Z [INFO]: Server running on port 5000
2025-03-06T11:15:33.067Z [INFO]: Starting species identification with Vision API
2025-03-06T11:15:34.468Z [INFO]: Identified species: Blue with confidence 0.9884891510009766
2025-03-06T11:15:34.481Z [INFO]: Saved uploaded image: C:\Users\Lenovo\Projects\alu-capstone_project\WildPedia\backend\uploads\6cbd060f-1bc6-402c-9157-4a86201bc886-download (1).jpeg
2025-03-06T11:15:59.813Z [INFO]: Starting species identification with Vision API
2025-03-06T11:16:00.204Z [INFO]: Identified species: Giraffids with confidence 0.9942243695259094
2025-03-06T11:16:00.212Z [INFO]: Saved uploaded image: C:\Users\Lenovo\Projects\alu-capstone_project\WildPedia\backend\uploads\de8eed43-b5bc-4fa9-9852-7ea8d348546e-download (2).jpeg
2025-03-06T13:07:54.313Z [ERROR]: Starting new log session...
2025-03-06T13:07:55.631Z [INFO]: Application started successfully.
2025-03-06T13:07:58.063Z [INFO]: Server running on port 5000
2025-03-06T15:23:56.880Z [INFO]: Starting species identification with Vision API
2025-03-06T15:23:58.180Z [INFO]: Identified species: Giraffids with confidence 0.9942243695259094
2025-03-06T15:23:58.194Z [INFO]: Saved uploaded image: C:\Users\Lenovo\Projects\alu-capstone_project\WildPedia\backend\uploads\b527e7e7-a99c-4118-ba31-a6ea015bc714-download (2).jpeg
2025-03-06T21:16:12.614Z [ERROR]: Starting new log session...
2025-03-06T21:16:13.029Z [INFO]: Application started successfully.
2025-03-06T21:16:14.310Z [INFO]: Server running on port 5000
2025-03-06T21:55:59.603Z [INFO]: Google auth attempt for: Elvis Njenga (114625478163443473340)
2025-03-06T23:29:28.100Z [INFO]: Google auth attempt for: Elvis Njenga (114625478163443473340)
2025-03-06T23:45:32.527Z [ERROR]: Starting new log session...
2025-03-06T23:45:32.947Z [INFO]: Application started successfully.
2025-03-06T23:45:34.063Z [INFO]: Server running on port 5000
2025-03-06T23:48:25.844Z [INFO]: Starting species identification with Vision API
2025-03-06T23:48:27.218Z [INFO]: Identified species: Giraffids with confidence 0.9942243695259094
2025-03-06T23:48:27.514Z [INFO]: Saved uploaded image: C:\Users\Lenovo\Projects\alu-capstone_project\WildPedia\backend\uploads\b8d9319b-fb4e-4f45-afa5-19b2abd93b24-download (2).jpeg
2025-03-07T13:30:33.518Z [ERROR]: Starting new log session...
2025-03-07T13:30:33.881Z [INFO]: Application started successfully.
2025-03-07T13:30:34.883Z [INFO]: Server running on port 5000
2025-03-07T13:30:55.298Z [INFO]: Google auth attempt for: Elvis Njenga (114625478163443473340)
2025-03-07T13:40:56.825Z [ERROR]: TypeError: schema.validate is not a function
    at C:\Users\Lenovo\Projects\alu-capstone_project\WildPedia\backend\middleware\validation.middleware.js:148:34
    at Layer.handle [as handle_request] (C:\Users\Lenovo\Projects\alu-capstone_project\WildPedia\backend\node_modules\express\lib\router\layer.js:95:5)
    at next (C:\Users\Lenovo\Projects\alu-capstone_project\WildPedia\backend\node_modules\express\lib\router\route.js:149:13)
    at verifyToken (C:\Users\Lenovo\Projects\alu-capstone_project\WildPedia\backend\middleware\auth.middleware.js:27:9)
    at process.processTicksAndRejections (node:internal/process/task_queues:95:5)
2025-03-07T13:49:17.010Z [INFO]: Google auth attempt for: Elvis Njenga (114625478163443473340)
2025-03-07T13:50:50.082Z [ERROR]: TypeError: schema.validate is not a function
    at C:\Users\Lenovo\Projects\alu-capstone_project\WildPedia\backend\middleware\validation.middleware.js:148:34
    at Layer.handle [as handle_request] (C:\Users\Lenovo\Projects\alu-capstone_project\WildPedia\backend\node_modules\express\lib\router\layer.js:95:5)
    at next (C:\Users\Lenovo\Projects\alu-capstone_project\WildPedia\backend\node_modules\express\lib\router\route.js:149:13)
    at verifyToken (C:\Users\Lenovo\Projects\alu-capstone_project\WildPedia\backend\middleware\auth.middleware.js:27:9)
    at process.processTicksAndRejections (node:internal/process/task_queues:95:5)
2025-03-07T13:54:03.814Z [ERROR]: Starting new log session...
2025-03-07T13:54:04.095Z [INFO]: Application started successfully.
2025-03-07T13:54:05.056Z [INFO]: Server running on port 5000
